Listenning thread created! socketfd = 5
Listenning thread detahced
Constructing Crawler App (machineID:1)...
Constructing frontier using seed list...
Starting Crawler App...
M:1 Thread(Crawler:0): Exited
M:1 Thread(SendManager:0): Exited
M:1 Thread(SendManager:1): Exited
M:1 Thread(ListenManager:0): Exited
M:1 Thread(ListenManager:1): Exited
Listenning thread created! socketfd = 5
Listenning thread detahced
Constructing Crawler App (machineID:1)...
Constructing frontier using seed list...
Starting Crawler App...
M:1 Thread(Crawler:0): Exited
M:1 Thread(SendManager:0): Exited
M:1 Thread(SendManager:1): Exited
M:1 Thread(ListenManager:0): Exited
M:1 Thread(ListenManager:1): Exited
Listenning thread created! socketfd = 5
Listenning thread detahced
Constructing Crawler App (machineID:1)...
Constructing frontier using seed list...
Starting Crawler App...
M:1 Thread(Crawler:0): Exited
M:1 Thread(SendManager:0): Exited
M:1 Thread(SendManager:1): Exited
M:1 Thread(ListenManager:0): Exited
M:1 Thread(ListenManager:1): Exited
Listenning thread created! socketfd = 5
Listenning thread detahced
Constructing Crawler App (machineID:1)...
Constructing frontier using seed list...
Starting Crawler App...
M:1 Thread(Crawler:0): Exited
M:1 Thread(SendManager:1): Exited
M:1 Thread(SendManager:0): Exited
M:1 Thread(ListenManager:0): Exited
M:1 Thread(ListenManager:1): Exited
Listenning thread created! socketfd = 5
Listenning thread detahced
Constructing Crawler App (machineID:1)...
Constructing frontier using seed list...
Starting Crawler App...
M:1 Thread(Crawler:0): Exited
M:1 Thread(SendManager:0): Exited
M:1 Thread(SendManager:1): Exited
M:1 Thread(ListenManager:0): Exited
M:1 Thread(ListenManager:1): Exited
Listenning thread created! socketfd = 5
Listenning thread detahced
Constructing Crawler App (machineID:1)...
Constructing frontier using seed list...
Starting Crawler App...
M:1 Thread(Crawler:0): Exited
M:1 Thread(SendManager:0): Exited
M:1 Thread(SendManager:1): Exited
M:1 Thread(ListenManager:0): Exited
M:1 Thread(ListenManager:1): Exited
Listenning thread created! socketfd = 5
Listenning thread detahced
Constructing Crawler App (machineID:1)...
Constructing frontier using seed list...
Starting Crawler App...
M:1 Thread(Crawler:0): Exited
M:1 Thread(SendManager:0): Exited
M:1 Thread(SendManager:1): Exited
M:1 Thread(ListenManager:0): Exited
M:1 Thread(ListenManager:1): Exited
Listenning thread created! socketfd = 5
Listenning thread detahced
Constructing Crawler App (machineID:1)...
Constructing frontier using seed list...
Starting Crawler App...
M:1 Thread(Crawler:0): Exited
M:1 Thread(SendManager:0): Exited
M:1 Thread(SendManager:1): Exited
M:1 Thread(ListenManager:0): Exited
M:1 Thread(ListenManager:1): Exited
Listenning thread created! socketfd = 5
Listenning thread detahced
Constructing Crawler App (machineID:1)...
Constructing frontier using seed list...
Starting Crawler App...
M:1 Thread(Crawler:0): Exited
M:1 Thread(SendManager:0): Exited
M:1 Thread(SendManager:1): Exited
M:1 Thread(ListenManager:0): Exited
M:1 Thread(ListenManager:1): Exited
Listenning thread created! socketfd = 5
Listenning thread detahced
Constructing Crawler App (machineID:1)...
Constructing frontier using seed list...
Starting Crawler App...
M:1 Thread(Crawler:0): Exited
M:1 Thread(SendManager:0): Exited
M:1 Thread(SendManager:1): Exited
M:1 Thread(ListenManager:0): Exited
M:1 Thread(ListenManager:1): Exited
Listenning thread created! socketfd = 5
Listenning thread detahced
Constructing Crawler App (machineID:1)...
Constructing frontier using seed list...
Starting Crawler App...
M:1 Thread(Crawler:0): Exited
M:1 Thread(SendManager:0): Exited
M:1 Thread(SendManager:1): Exited
M:1 Thread(ListenManager:0): Exited
M:1 Thread(ListenManager:1): Exited
Listenning thread created! socketfd = 5
Listenning thread detahced
Constructing Crawler App (machineID:1)...
Constructing frontier using seed list...
Starting Crawler App...
M:1 Thread(Crawler:0): Exited
M:1 Thread(SendManager:0): Exited
M:1 Thread(SendManager:1): Exited
M:1 Thread(ListenManager:0): Exited
M:1 Thread(ListenManager:1): Exited
Listenning thread created! socketfd = 5
Listenning thread detahced
Constructing Crawler App (machineID:1)...
Constructing frontier using seed list...
Starting Crawler App...
M:1 Thread(Crawler:0): Exited
M:1 Thread(SendManager:0): Exited
M:1 Thread(SendManager:1): Exited
M:1 Thread(ListenManager:0): Exited
M:1 Thread(ListenManager:1): Exited
Listenning thread created! socketfd = 5
Listenning thread detahced
Constructing Crawler App (machineID:1)...
Constructing frontier using seed list...
Starting Crawler App...
M:1 Thread(Crawler:0): Exited
M:1 Thread(SendManager:1): Exited
M:1 Thread(SendManager:0): Exited
M:1 Thread(ListenManager:0): Exited
M:1 Thread(ListenManager:1): Exited
Listenning thread created! socketfd = 5
Listenning thread detahced
Constructing Crawler App (machineID:1)...
Constructing frontier using seed list...
Starting Crawler App...
M:1 Thread(Crawler:0): Exited
M:1 Thread(SendManager:0): Exited
M:1 Thread(SendManager:1): Exited
M:1 Thread(ListenManager:0): Exited
M:1 Thread(ListenManager:1): Exited
Listenning thread created! socketfd = 5
Listenning thread detahced
Constructing Crawler App (machineID:1)...
Constructing frontier using seed list...
Starting Crawler App...
M:1 Thread(Crawler:0): Exited
M:1 Thread(SendManager:0): Exited
M:1 Thread(SendManager:1): Exited
M:1 Thread(ListenManager:0): Exited
M:1 Thread(ListenManager:1): Exited
Listenning thread created! socketfd = 5
Listenning thread detahced
Constructing Crawler App (machineID:1)...
Constructing frontier using seed list...
Starting Crawler App...
M:1 Thread(Crawler:0): Exited
M:1 Thread(SendManager:0): Exited
M:1 Thread(SendManager:1): Exited
M:1 Thread(ListenManager:0): Exited
M:1 Thread(ListenManager:1): Exited
Listenning thread created! socketfd = 5
Listenning thread detahced
Constructing Crawler App (machineID:1)...
Constructing frontier using seed list...
Starting Crawler App...
M:1 Thread(Crawler:0): Exited
M:1 Thread(SendManager:0): Exited
M:1 Thread(SendManager:1): Exited
M:1 Thread(ListenManager:1): Exited
M:1 Thread(ListenManager:0): Exited
Listenning thread created! socketfd = 5
Listenning thread detahced
Constructing Crawler App (machineID:1)...
Constructing frontier using seed list...
Starting Crawler App...
Listenning thread created! socketfd = 3
Listenning thread detahced
Constructing Crawler App (machineID:1)...
Constructing frontier using seed list...
Starting Crawler App...
M:1 Thread(Crawler:0): Exited
M:1 Thread(SendManager:0): Exited
M:1 Thread(SendManager:1): Exited
M:1 Thread(ListenManager:0): Exited
M:1 Thread(ListenManager:1): Exited
Listenning thread created! socketfd = 5
Listenning thread detahced
Constructing Crawler App (machineID:1)...
Constructing frontier using seed list...
Starting Crawler App...
M:1 Thread(Crawler:0): Exited
M:1 Thread(SendManager:1): Exited
M:1 Thread(SendManager:0): Exited
M:1 Thread(ListenManager:0): Exited
M:1 Thread(ListenManager:1): Exited
Listenning thread created! socketfd = 5
Listenning thread detahced
Constructing Crawler App (machineID:1)...
Constructing frontier using seed list...
Starting Crawler App...
M:1 Thread(Crawler:0): Exited
M:1 Thread(SendManager:0): Exited
M:1 Thread(SendManager:1): Exited
M:1 Thread(ListenManager:0): Exited
M:1 Thread(ListenManager:1): Exited
Listenning thread created! socketfd = 5
Listenning thread detahced
Constructing Crawler App (machineID:1)...
Constructing frontier using seed list...
Starting Crawler App...
M:1 Thread(Crawler:0): Exited
M:1 Thread(SendManager:0): Exited
M:1 Thread(SendManager:1): Exited
M:1 Thread(ListenManager:1): Exited
M:1 Thread(ListenManager:0): Exited
Listenning thread created! socketfd = 5
Listenning thread detahced
Constructing Crawler App (machineID:1)...
Constructing frontier using seed list...
Starting Crawler App...
M:1 Thread(Crawler:0): Exited
M:1 Thread(SendManager:0): Exited
M:1 Thread(SendManager:1): Exited
M:1 Thread(ListenManager:0): Exited
M:1 Thread(ListenManager:1): Exited
Listenning thread created! socketfd = 5
Listenning thread detahced
Constructing Crawler App (machineID:1)...
Constructing frontier using seed list...
Starting Crawler App...
M:1 Thread(Crawler:0): Exited
M:1 Thread(SendManager:0): Exited
M:1 Thread(SendManager:1): Exited
M:1 Thread(ListenManager:0): Exited
M:1 Thread(ListenManager:1): Exited
Listenning thread created! socketfd = 5
Listenning thread detahced
Constructing Crawler App (machineID:1)...
Constructing frontier using seed list...
Starting Crawler App...
M:1 Thread(Crawler:0): Exited
M:1 Thread(SendManager:0): Exited
M:1 Thread(SendManager:1): Exited
M:1 Thread(ListenManager:0): Exited
M:1 Thread(ListenManager:1): Exited
Listenning thread created! socketfd = 5
Listenning thread detahced
Constructing Crawler App (machineID:1)...
Constructing frontier using seed list...
Starting Crawler App...
M:1 Thread(Crawler:0): Exited
M:1 Thread(SendManager:0): Exited
M:1 Thread(SendManager:1): Exited
M:1 Thread(ListenManager:0): Exited
M:1 Thread(ListenManager:1): Exited
Listenning thread created! socketfd = 5
Listenning thread detahced
Constructing Crawler App (machineID:1)...
Constructing frontier using seed list...
Starting Crawler App...
M:1 Thread(Crawler:0): Exited
M:1 Thread(SendManager:0): Exited
M:1 Thread(SendManager:1): Exited
M:1 Thread(ListenManager:0): Exited
M:1 Thread(ListenManager:1): Exited
Listenning thread created! socketfd = 5
Listenning thread detahced
Constructing Crawler App (machineID:1)...
Constructing frontier using seed list...
Starting Crawler App...
M:1 Thread(Crawler:0): Exited
M:1 Thread(SendManager:0): Exited
M:1 Thread(SendManager:1): Exited
M:1 Thread(ListenManager:0): Exited
M:1 Thread(ListenManager:1): Exited
